#CHR	POS	Count_A	Count_C	Count_G	Count_T	Good_depth	GENDER
Y	2934912	0	0	0	0	0	XX
Y	4546684	0	0	0	0	0	XX
Y	4549638	0	0	0	0	0	XX
Y	4550107	0	0	0	0	0	XX
