#CHR	POS	Count_A	Count_C	Count_G	Count_T	Good_depth	GENDER
Y	2934912	0	12	0	0	12	XY
Y	4546684	0	4	0	0	4	XY
Y	4549638	0	0	13	0	13	XY
Y	4550107	0	0	0	2	2	XX
