#GENERAL LOCI
frac_informative_genotype	1
frac_matched_genotype	0.869565217391304
genotype	COLO-829	GG,AA,AC,TT,GG,TT,GG,GG,GG,CC,AA,GG,TT,CC,AA,GT,AA,AG,AG,AG,CC,TT,CC,AG,TT,CC,TT,GG,CC,CC,CC,AG,AG,CC,CT,AA,CC,CC,CC,TT,AC,AA,AG,CC,GG,AA,AA,TT,AG,AG,CC,TT,GT,GG,CT,TT,CT,AG,CC,GG,CC,GG,AG,GT,GG,GG,GT,TT,AG,AG,GG,GG,TT,GG,GG,GG,AA,TT,AG,CT,AG,TT,CC,CT,AG,AA,AA,CT,AA,AA,AG,GG
genotype	COLO-829-BL	GG,AA,AC,GT,GG,TT,AG,AG,GG,AC,AG,AG,TT,CC,AA,GT,AA,AG,AG,AG,CC,TT,CC,AG,TT,CC,CT,GG,CT,CC,CC,AG,AG,CC,CT,AA,AC,CC,CC,TT,AC,AA,AG,CC,GG,AA,AA,TT,AG,AG,CC,TT,GT,GG,CT,TT,CT,AG,CC,GG,CC,GG,AG,GT,GG,GG,GT,TT,AG,AG,GG,CG,TT,GG,GG,AG,AA,TT,AG,CT,AG,TT,CC,CT,AG,AA,AA,CT,AC,AA,AG,GG
#GENDER LOCI
frac_match_gender	0.25
gender	XY
gender	COLO-829	XX,XX,XX,XX
gender	COLO-829-BL	XY,XY,XY,XX
