{"compared_against":"COLO-829-BL","total_loci_gender":4,"tumours":[{"genotype":{"frac_informative_genotype":1,"frac_matched_genotype":0.869565217391304},"gender":{"frac_match_gender":0.25,"gender":"XY"},"sample":"COLO-829"}],"total_loci_genotype":92}
