{"COLO-829":{"snps_used":"20887","by_readgroup":{"2798":{"avg_depth":"0.72","reads_used":"14994","contamination":"0.00000"},"2761":{"contamination":"0.00000","avg_depth":"0.63","reads_used":"13080"},"2667":{"avg_depth":"0.65","reads_used":"13545","contamination":"0.00000"},"2659":{"contamination":"0.00000","reads_used":"14404","avg_depth":"0.69"},"2706":{"reads_used":"12685","avg_depth":"0.61","contamination":"0.00000"},"2791":{"contamination":"0.00000","reads_used":"14174","avg_depth":"0.68"},"2738":{"contamination":"0.00000","avg_depth":"0.59","reads_used":"12300"},"2770":{"contamination":"0.00000","reads_used":"11795","avg_depth":"0.56"},"2799":{"contamination":"0.00000","reads_used":"11700","avg_depth":"0.56"},"2784":{"contamination":"0.00000","reads_used":"11211","avg_depth":"0.54"},"2695":{"avg_depth":"0.68","reads_used":"14224","contamination":"0.00000"},"2736":{"avg_depth":"0.57","reads_used":"11995","contamination":"0.00000"},"2669":{"reads_used":"14893","avg_depth":"0.71","contamination":"0.00000"},"2763":{"contamination":"0.00000","avg_depth":"0.55","reads_used":"11502"},"2804":{"contamination":"0.00000","reads_used":"12460","avg_depth":"0.60"},"2773":{"avg_depth":"0.48","reads_used":"9950","contamination":"0.00000"},"2679":{"contamination":"0.00000","reads_used":"12557","avg_depth":"0.60"},"2717":{"reads_used":"12957","avg_depth":"0.62","contamination":"0.00000"},"997":{"avg_depth":"0.16","reads_used":"3409","contamination":"0.00000"},"2807":{"contamination":"0.00000","reads_used":"9366","avg_depth":"0.45"},"2802":{"contamination":"0.00000","reads_used":"14401","avg_depth":"0.69"},"2656":{"contamination":"0.00000","avg_depth":"0.72","reads_used":"14978"},"2665":{"avg_depth":"0.71","reads_used":"14894","contamination":"0.00000"},"2715":{"contamination":"0.00000","avg_depth":"0.66","reads_used":"13869"},"2797":{"contamination":"0.00000","avg_depth":"0.67","reads_used":"13987"},"2685":{"contamination":"0.00000","reads_used":"12619","avg_depth":"0.60"},"2726":{"reads_used":"11057","avg_depth":"0.53","contamination":"0.00000"},"2721":{"avg_depth":"0.63","reads_used":"13061","contamination":"0.00000"},"2725":{"contamination":"0.00000","reads_used":"11094","avg_depth":"0.53"},"2758":{"contamination":"0.00000","avg_depth":"0.69","reads_used":"14477"},"2719":{"contamination":"0.00000","avg_depth":"0.61","reads_used":"12715"},"2801":{"contamination":"0.00000","reads_used":"10890","avg_depth":"0.52"},"2697":{"contamination":"0.00000","reads_used":"13982","avg_depth":"0.67"},"77":{"reads_used":"4180","avg_depth":"0.20","contamination":"0.00000"},"2723":{"avg_depth":"0.61","reads_used":"12678","contamination":"0.00000"},"78":{"contamination":"0.01277","reads_used":"3241","avg_depth":"0.16"},"2789":{"contamination":"0.00000","reads_used":"13025","avg_depth":"0.62"},"2766":{"contamination":"0.00000","avg_depth":"0.58","reads_used":"12094"},"2805":{"contamination":"0.00000","avg_depth":"0.65","reads_used":"13473"},"2786":{"reads_used":"11787","avg_depth":"0.56","contamination":"0.00000"},"2734":{"avg_depth":"0.61","reads_used":"12746","contamination":"0.00000"},"2746":{"reads_used":"14345","avg_depth":"0.69","contamination":"0.00000"},"2800":{"avg_depth":"0.70","reads_used":"14581","contamination":"0.00000"},"2756":{"reads_used":"13849","avg_depth":"0.66","contamination":"0.00000"},"2693":{"contamination":"0.00000","reads_used":"14061","avg_depth":"0.67"},"998":{"avg_depth":"0.16","reads_used":"3280","contamination":"0.00000"},"2708":{"contamination":"0.00000","avg_depth":"0.66","reads_used":"13722"},"2775":{"contamination":"0.00000","reads_used":"10000","avg_depth":"0.48"},"2701":{"contamination":"0.00000","reads_used":"13492","avg_depth":"0.65"},"2711":{"contamination":"0.00000","reads_used":"12749","avg_depth":"0.61"},"2728":{"reads_used":"11881","avg_depth":"0.57","contamination":"0.00000"},"2778":{"reads_used":"13858","avg_depth":"0.66","contamination":"0.00000"},"2684":{"avg_depth":"0.44","reads_used":"9130","contamination":"0.00000"},"996":{"reads_used":"3304","avg_depth":"0.16","contamination":"0.00000"},"2780":{"contamination":"0.00000","reads_used":"12794","avg_depth":"0.61"},"2661":{"contamination":"0.00000","avg_depth":"0.65","reads_used":"13627"},"2806":{"contamination":"0.00000","reads_used":"10204","avg_depth":"0.49"},"2742":{"contamination":"0.00000","avg_depth":"0.61","reads_used":"12823"},"2652":{"contamination":"0.00000","reads_used":"14397","avg_depth":"0.69"},"2765":{"reads_used":"10228","avg_depth":"0.49","contamination":"0.00000"},"2675":{"contamination":"0.00000","reads_used":"15005","avg_depth":"0.72"},"2794":{"avg_depth":"0.61","reads_used":"12709","contamination":"0.00000"},"2752":{"reads_used":"14082","avg_depth":"0.67","contamination":"0.00000"},"2754":{"contamination":"0.00000","reads_used":"14143","avg_depth":"0.68"},"2750":{"contamination":"0.00000","reads_used":"14379","avg_depth":"0.69"},"2713":{"contamination":"0.00000","reads_used":"11114","avg_depth":"0.53"},"2671":{"contamination":"0.00000","reads_used":"14560","avg_depth":"0.70"},"2689":{"contamination":"0.00000","avg_depth":"0.69","reads_used":"14440"},"76":{"contamination":"0.00000","avg_depth":"0.19","reads_used":"3979"},"2793":{"reads_used":"15277","avg_depth":"0.73","contamination":"0.00000"},"2803":{"contamination":"0.00000","reads_used":"9380","avg_depth":"0.45"},"2744":{"reads_used":"13331","avg_depth":"0.64","contamination":"0.00000"},"2691":{"avg_depth":"0.70","reads_used":"14524","contamination":"0.00000"},"2730":{"contamination":"0.00000","avg_depth":"0.61","reads_used":"12664"},"2795":{"reads_used":"14498","avg_depth":"0.69","contamination":"0.00000"},"2782":{"reads_used":"13059","avg_depth":"0.63","contamination":"0.00000"},"2654":{"contamination":"0.00000","reads_used":"13808","avg_depth":"0.66"},"2768":{"reads_used":"10570","avg_depth":"0.51","contamination":"0.00000"},"2777":{"avg_depth":"0.64","reads_used":"13342","contamination":"0.00000"},"2687":{"reads_used":"9593","avg_depth":"0.46","contamination":"0.00000"},"2796":{"avg_depth":"0.71","reads_used":"14820","contamination":"0.00000"},"2760":{"contamination":"0.00000","avg_depth":"0.57","reads_used":"11918"},"995":{"contamination":"0.00000","avg_depth":"0.14","reads_used":"2891"},"994":{"avg_depth":"0.16","reads_used":"3297","contamination":"0.07082"},"2808":{"reads_used":"10297","avg_depth":"0.49","contamination":"0.00000"},"2677":{"contamination":"0.00000","reads_used":"11195","avg_depth":"0.54"},"81":{"avg_depth":"0.18","reads_used":"3829","contamination":"0.00000"},"2748":{"reads_used":"13276","avg_depth":"0.64","contamination":"0.00000"},"2681":{"avg_depth":"0.56","reads_used":"11783","contamination":"0.00000"},"2710":{"avg_depth":"0.55","reads_used":"11511","contamination":"0.00000"},"2673":{"contamination":"0.00000","avg_depth":"0.69","reads_used":"14430"},"2699":{"reads_used":"13570","avg_depth":"0.65","contamination":"0.00000"},"999":{"reads_used":"3364","avg_depth":"0.16","contamination":"0.11522"},"2771":{"avg_depth":"0.56","reads_used":"11695","contamination":"0.00000"},"2732":{"reads_used":"13298","avg_depth":"0.64","contamination":"0.00000"},"2658":{"avg_depth":"0.71","reads_used":"14855","contamination":"0.00000"},"2663":{"contamination":"0.00000","reads_used":"14729","avg_depth":"0.71"},"2702":{"avg_depth":"0.63","reads_used":"13177","contamination":"0.00000"},"2809":{"contamination":"0.00000","avg_depth":"0.49","reads_used":"10244"},"2788":{"contamination":"0.00000","reads_used":"13692","avg_depth":"0.66"},"2650":{"contamination":"0.00000","reads_used":"14834","avg_depth":"0.71"},"2740":{"reads_used":"12851","avg_depth":"0.62","contamination":"0.00000"},"2704":{"contamination":"0.00000","avg_depth":"0.64","reads_used":"13386"}},"contamination":"0.00109","reads_used":"1234173","avg_depth":"59.09"}}
