{"COLO-829-BL":{"avg_depth":"42.20","reads_used":"1489080","snps_used":"35283","by_readgroup":{"2749":{"avg_depth":"0.61","reads_used":"21377","contamination":"0.00000"},"2781":{"reads_used":"21801","avg_depth":"0.62","contamination":"0.00000"},"2779":{"reads_used":"24558","avg_depth":"0.70","contamination":"0.00000"},"2694":{"contamination":"0.00000","avg_depth":"0.63","reads_used":"22350"},"2733":{"contamination":"0.00000","reads_used":"17864","avg_depth":"0.51"},"2680":{"contamination":"0.00000","avg_depth":"0.56","reads_used":"19802"},"2790":{"contamination":"0.00000","reads_used":"23681","avg_depth":"0.67"},"2767":{"contamination":"0.00000","reads_used":"24253","avg_depth":"0.69"},"2783":{"contamination":"0.00000","avg_depth":"0.66","reads_used":"23326"},"2735":{"contamination":"0.00000","reads_used":"21201","avg_depth":"0.60"},"2666":{"contamination":"0.00000","reads_used":"21791","avg_depth":"0.62"},"2660":{"avg_depth":"0.63","reads_used":"22364","contamination":"0.00000"},"2729":{"contamination":"0.00000","reads_used":"19194","avg_depth":"0.54"},"2772":{"reads_used":"23534","avg_depth":"0.67","contamination":"0.00000"},"2759":{"avg_depth":"0.64","reads_used":"22527","contamination":"0.00000"},"2700":{"contamination":"0.00000","reads_used":"25028","avg_depth":"0.71"},"2743":{"reads_used":"20274","avg_depth":"0.57","contamination":"0.00000"},"2792":{"contamination":"0.00000","avg_depth":"0.65","reads_used":"23065"},"2653":{"reads_used":"22765","avg_depth":"0.65","contamination":"0.00000"},"2655":{"avg_depth":"0.65","reads_used":"23010","contamination":"0.00000"},"2737":{"avg_depth":"0.44","reads_used":"15358","contamination":"0.00000"},"2774":{"avg_depth":"0.66","reads_used":"23461","contamination":"0.00000"},"2709":{"contamination":"0.00000","reads_used":"24747","avg_depth":"0.70"},"2762":{"reads_used":"24958","avg_depth":"0.71","contamination":"0.00000"},"2741":{"contamination":"0.00000","reads_used":"21094","avg_depth":"0.60"},"2716":{"reads_used":"19032","avg_depth":"0.54","contamination":"0.00000"},"2662":{"avg_depth":"0.66","reads_used":"23135","contamination":"0.00000"},"2690":{"contamination":"0.00000","reads_used":"21914","avg_depth":"0.62"},"2776":{"reads_used":"24907","avg_depth":"0.71","contamination":"0.00000"},"2724":{"contamination":"0.00000","reads_used":"22054","avg_depth":"0.63"},"2651":{"contamination":"0.00000","avg_depth":"0.65","reads_used":"23048"},"2672":{"reads_used":"22522","avg_depth":"0.64","contamination":"0.00000"},"2787":{"contamination":"0.00000","reads_used":"23602","avg_depth":"0.67"},"2731":{"contamination":"0.00000","avg_depth":"0.61","reads_used":"21456"},"2668":{"reads_used":"23114","avg_depth":"0.66","contamination":"0.00000"},"2751":{"contamination":"0.00000","avg_depth":"0.63","reads_used":"22390"},"2747":{"reads_used":"22450","avg_depth":"0.64","contamination":"0.00000"},"2745":{"reads_used":"21927","avg_depth":"0.62","contamination":"0.00000"},"2769":{"avg_depth":"0.69","reads_used":"24453","contamination":"0.00000"},"2676":{"avg_depth":"0.64","reads_used":"22615","contamination":"0.00000"},"2703":{"reads_used":"24814","avg_depth":"0.70","contamination":"0.00000"},"2670":{"contamination":"0.00000","reads_used":"22914","avg_depth":"0.65"},"2683":{"reads_used":"21866","avg_depth":"0.62","contamination":"0.00000"},"2674":{"contamination":"0.00000","avg_depth":"0.59","reads_used":"20898"},"2712":{"avg_depth":"0.59","reads_used":"20661","contamination":"0.00000"},"2657":{"avg_depth":"0.63","reads_used":"22380","contamination":"0.00000"},"2696":{"avg_depth":"0.63","reads_used":"22368","contamination":"0.00000"},"2678":{"avg_depth":"0.67","reads_used":"23512","contamination":"0.00000"},"2718":{"reads_used":"21872","avg_depth":"0.62","contamination":"0.00000"},"2753":{"reads_used":"19785","avg_depth":"0.56","contamination":"0.00000"},"2755":{"reads_used":"21633","avg_depth":"0.61","contamination":"0.00000"},"2664":{"contamination":"0.00000","avg_depth":"0.65","reads_used":"22828"},"2705":{"avg_depth":"0.68","reads_used":"23996","contamination":"0.00000"},"2707":{"contamination":"0.00000","reads_used":"24546","avg_depth":"0.70"},"2727":{"avg_depth":"0.61","reads_used":"21526","contamination":"0.00000"},"2688":{"avg_depth":"0.63","reads_used":"22382","contamination":"0.00000"},"2739":{"reads_used":"21685","avg_depth":"0.61","contamination":"0.00000"},"2785":{"reads_used":"22665","avg_depth":"0.64","contamination":"0.00000"},"2722":{"avg_depth":"0.52","reads_used":"18407","contamination":"0.00000"},"2698":{"contamination":"0.00000","avg_depth":"0.66","reads_used":"23428"},"2764":{"avg_depth":"0.70","reads_used":"24581","contamination":"0.00000"},"2714":{"reads_used":"22318","avg_depth":"0.63","contamination":"0.00000"},"2649":{"reads_used":"23521","avg_depth":"0.67","contamination":"0.00000"},"2692":{"reads_used":"21475","avg_depth":"0.61","contamination":"0.00000"},"2686":{"contamination":"0.00000","avg_depth":"0.64","reads_used":"22593"},"2720":{"contamination":"0.00000","reads_used":"15939","avg_depth":"0.45"},"2757":{"contamination":"0.00000","avg_depth":"0.64","reads_used":"22485"}},"contamination":"0.00075"}}
